
 [OK] No errors                                                                                     

